// Jest Snapshot v1, https://goo.gl/fbAQLP

exports[`CreateUser should render 1`] = `
<div>
  Hello
</div>
`;
